Copyright 1986-2018 Xilinx, Inc. All Rights Reserved.
-------------------------------------------------------------------------------------------------------------------------------
| Tool Version     : Vivado v.2018.2 (win64) Build 2258646 Thu Jun 14 20:03:12 MDT 2018
| Date             : Fri Apr 10 14:01:47 2026
| Host             : STARGATE_BASE running 64-bit major release  (build 9200)
| Command          : report_power -file top_power_routed.rpt -pb top_power_summary_routed.pb -rpx top_power_routed.rpx
| Design           : top
| Device           : xc7a35tcpg236-1
| Design State     : routed
| Grade            : commercial
| Process          : typical
| Characterization : Production
-------------------------------------------------------------------------------------------------------------------------------

Power Report

Table of Contents
-----------------
1. Summary
1.1 On-Chip Components
1.2 Power Supply Summary
1.3 Confidence Level
2. Settings
2.1 Environment
2.2 Clock Constraints
3. Detailed Reports
3.1 By Hierarchy

1. Summary
----------

+--------------------------+--------------+
| Total On-Chip Power (W)  | 0.370        |
| Design Power Budget (W)  | Unspecified* |
| Power Budget Margin (W)  | NA           |
| Dynamic (W)              | 0.296        |
| Device Static (W)        | 0.074        |
| Effective TJA (C/W)      | 5.0          |
| Max Ambient (C)          | 83.1         |
| Junction Temperature (C) | 26.9         |
| Confidence Level         | Low          |
| Setting File             | ---          |
| Simulation Activity File | ---          |
| Design Nets Matched      | NA           |
+--------------------------+--------------+
* Specify Design Power Budget using, set_operating_conditions -design_power_budget <value in Watts>


1.1 On-Chip Components
----------------------

+--------------------------+-----------+----------+-----------+-----------------+
| On-Chip                  | Power (W) | Used     | Available | Utilization (%) |
+--------------------------+-----------+----------+-----------+-----------------+
| Clocks                   |     0.017 |        3 |       --- |             --- |
| Slice Logic              |     0.040 |     8912 |       --- |             --- |
|   LUT as Logic           |     0.029 |     3204 |     20800 |           15.40 |
|   LUT as Distributed RAM |     0.004 |      656 |      9600 |            6.83 |
|   LUT as Shift Register  |     0.003 |      526 |      9600 |            5.48 |
|   Register               |     0.002 |     2686 |     41600 |            6.46 |
|   CARRY4                 |     0.002 |      316 |      8150 |            3.88 |
|   F7/F8 Muxes            |    <0.001 |      202 |     32600 |            0.62 |
|   BUFG                   |    <0.001 |        3 |        32 |            9.38 |
|   Others                 |     0.000 |      527 |       --- |             --- |
| Signals                  |     0.057 |     7520 |       --- |             --- |
| Block RAM                |     0.116 |       28 |        50 |           56.00 |
| DSPs                     |     0.039 |       41 |        90 |           45.56 |
| I/O                      |     0.026 |       66 |       106 |           62.26 |
| Static Power             |     0.074 |          |           |                 |
| Total                    |     0.370 |          |           |                 |
+--------------------------+-----------+----------+-----------+-----------------+


1.2 Power Supply Summary
------------------------

+-----------+-------------+-----------+-------------+------------+
| Source    | Voltage (V) | Total (A) | Dynamic (A) | Static (A) |
+-----------+-------------+-----------+-------------+------------+
| Vccint    |       1.000 |     0.275 |       0.264 |      0.011 |
| Vccaux    |       1.800 |     0.014 |       0.001 |      0.013 |
| Vcco33    |       3.300 |     0.008 |       0.007 |      0.001 |
| Vcco25    |       2.500 |     0.000 |       0.000 |      0.000 |
| Vcco18    |       1.800 |     0.000 |       0.000 |      0.000 |
| Vcco15    |       1.500 |     0.000 |       0.000 |      0.000 |
| Vcco135   |       1.350 |     0.000 |       0.000 |      0.000 |
| Vcco12    |       1.200 |     0.000 |       0.000 |      0.000 |
| Vccaux_io |       1.800 |     0.000 |       0.000 |      0.000 |
| Vccbram   |       1.000 |     0.007 |       0.006 |      0.001 |
| MGTAVcc   |       1.000 |     0.000 |       0.000 |      0.000 |
| MGTAVtt   |       1.200 |     0.000 |       0.000 |      0.000 |
| Vccadc    |       1.800 |     0.020 |       0.000 |      0.020 |
+-----------+-------------+-----------+-------------+------------+


1.3 Confidence Level
--------------------

+-----------------------------+------------+--------------------------------------------------------+--------------------------------------------------------------------------------------------------------------------+
| User Input Data             | Confidence | Details                                                | Action                                                                                                             |
+-----------------------------+------------+--------------------------------------------------------+--------------------------------------------------------------------------------------------------------------------+
| Design implementation state | High       | Design is routed                                       |                                                                                                                    |
| Clock nodes activity        | Medium     | More than 5% of clocks are missing user specification  | Provide missing clock activity with a constraint file, simulation results or by editing the "By Clock Domain" view |
| I/O nodes activity          | Low        | More than 75% of inputs are missing user specification | Provide missing input activity with simulation results or by editing the "By Resource Type -> I/Os" view           |
| Internal nodes activity     | Medium     | User specified less than 25% of internal nodes         | Provide missing internal nodes activity with simulation results or by editing the "By Resource Type" views         |
| Device models               | High       | Device models are Production                           |                                                                                                                    |
|                             |            |                                                        |                                                                                                                    |
| Overall confidence level    | Low        |                                                        |                                                                                                                    |
+-----------------------------+------------+--------------------------------------------------------+--------------------------------------------------------------------------------------------------------------------+


2. Settings
-----------

2.1 Environment
---------------

+-----------------------+--------------------------+
| Ambient Temp (C)      | 25.0                     |
| ThetaJA (C/W)         | 5.0                      |
| Airflow (LFM)         | 250                      |
| Heat Sink             | medium (Medium Profile)  |
| ThetaSA (C/W)         | 4.6                      |
| Board Selection       | medium (10"x10")         |
| # of Board Layers     | 12to15 (12 to 15 Layers) |
| Board Temperature (C) | 25.0                     |
+-----------------------+--------------------------+


2.2 Clock Constraints
---------------------

+-------------+--------+-----------------+
| Clock       | Domain | Constraint (ns) |
+-------------+--------+-----------------+
| sys_clk_pin | CLOCK  |            10.0 |
+-------------+--------+-----------------+


3. Detailed Reports
-------------------

3.1 By Hierarchy
----------------

+---------------------------------+-----------+
| Name                            | Power (W) |
+---------------------------------+-----------+
| top                             |     0.296 |
|   band_pass_filter              |     0.004 |
|   dft_inst                      |     0.211 |
|     stage0                      |     0.011 |
|       instPerm31544             |     0.011 |
|         memSys                  |     0.011 |
|           memMod0               |     0.005 |
|           memMod1               |     0.005 |
|         nextReg_31549           |    <0.001 |
|         shiftFIFO_31552         |    <0.001 |
|     stage1                      |     0.003 |
|       add23418                  |    <0.001 |
|       add23433                  |    <0.001 |
|       shiftFIFO_31564           |    <0.001 |
|       sub23448                  |    <0.001 |
|       sub23463                  |    <0.001 |
|     stage10                     |     0.003 |
|       add24245                  |    <0.001 |
|       add24260                  |    <0.001 |
|       shiftFIFO_31615           |    <0.001 |
|       sub24275                  |    <0.001 |
|       sub24290                  |    <0.001 |
|     stage11                     |     0.008 |
|       instPerm31616             |     0.008 |
|         memSys                  |     0.007 |
|           memMod0               |     0.003 |
|           memMod1               |     0.003 |
|         nextReg_31621           |    <0.001 |
|         out_sw_0_0              |    <0.001 |
|         shiftFIFO_31624         |    <0.001 |
|     stage12                     |     0.009 |
|       codeBlockIsnt31634        |     0.009 |
|         add24474                |    <0.001 |
|         instD22inst0_24531      |     0.001 |
|         instD24inst0_24495      |     0.001 |
|         m24416                  |     0.001 |
|         m24438                  |     0.001 |
|         m24456                  |     0.001 |
|         m24467                  |    <0.001 |
|         shiftFIFO_31637         |    <0.001 |
|         sub24445                |    <0.001 |
|     stage13                     |     0.002 |
|       add24566                  |    <0.001 |
|       add24581                  |    <0.001 |
|       shiftFIFO_31640           |    <0.001 |
|       sub24596                  |    <0.001 |
|       sub24611                  |    <0.001 |
|     stage14                     |     0.008 |
|       instPerm31641             |     0.008 |
|         memSys                  |     0.008 |
|           memMod0               |     0.004 |
|           memMod1               |     0.004 |
|         nextReg_31646           |    <0.001 |
|         shiftFIFO_31649         |    <0.001 |
|     stage15                     |     0.009 |
|       codeBlockIsnt31659        |     0.009 |
|         add24795                |    <0.001 |
|         instD18inst0_24900      |     0.001 |
|         instD20inst0_24832      |     0.001 |
|         m24737                  |     0.001 |
|         m24759                  |     0.001 |
|         m24777                  |     0.001 |
|         m24788                  |    <0.001 |
|         shiftFIFO_31662         |    <0.001 |
|         sub24766                |    <0.001 |
|     stage16                     |     0.003 |
|       add24951                  |    <0.001 |
|       add24966                  |    <0.001 |
|       shiftFIFO_31665           |    <0.001 |
|       sub24981                  |    <0.001 |
|       sub24996                  |    <0.001 |
|     stage17                     |     0.009 |
|       instPerm31666             |     0.009 |
|         memSys                  |     0.008 |
|           memMod0               |     0.004 |
|           memMod1               |     0.004 |
|         nextReg_31671           |    <0.001 |
|         shiftFIFO_31674         |    <0.001 |
|     stage18                     |     0.009 |
|       codeBlockIsnt31684        |     0.009 |
|         add25180                |    <0.001 |
|         instD14inst0_25447      |     0.002 |
|         instD16inst0_25249      |     0.001 |
|         m25122                  |     0.001 |
|         m25144                  |     0.001 |
|         m25162                  |     0.001 |
|         m25173                  |    <0.001 |
|         shiftFIFO_31687         |    <0.001 |
|         sub25151                |    <0.001 |
|     stage19                     |     0.003 |
|       add25464                  |    <0.001 |
|       add25479                  |    <0.001 |
|       shiftFIFO_31690           |    <0.001 |
|       sub25494                  |    <0.001 |
|       sub25509                  |    <0.001 |
|     stage2                      |     0.008 |
|       instPerm31565             |     0.008 |
|         in_sw_0_0               |    <0.001 |
|         memSys                  |     0.007 |
|           memMod0               |     0.003 |
|           memMod1               |     0.003 |
|         out_sw_0_0              |    <0.001 |
|         shiftFIFO_31571         |    <0.001 |
|     stage20                     |     0.008 |
|       instPerm31691             |     0.008 |
|         memSys                  |     0.008 |
|           memMod0               |     0.004 |
|           memMod1               |     0.004 |
|         nextReg_31696           |    <0.001 |
|         shiftFIFO_31699         |    <0.001 |
|     stage21                     |     0.009 |
|       codeBlockIsnt31709        |     0.009 |
|         add25693                |    <0.001 |
|         instD10inst0_25956      |     0.001 |
|         instD12inst0_26216      |     0.001 |
|         m25635                  |     0.001 |
|         m25657                  |     0.001 |
|         m25675                  |     0.001 |
|         m25686                  |    <0.001 |
|         shiftFIFO_31712         |    <0.001 |
|         sub25664                |    <0.001 |
|     stage22                     |     0.002 |
|       add26233                  |    <0.001 |
|       add26248                  |    <0.001 |
|       shiftFIFO_31715           |    <0.001 |
|       sub26263                  |    <0.001 |
|       sub26278                  |    <0.001 |
|     stage23                     |     0.008 |
|       instPerm31716             |     0.008 |
|         memSys                  |     0.008 |
|           memMod0               |     0.004 |
|           memMod1               |     0.004 |
|         nextReg_31721           |    <0.001 |
|         shiftFIFO_31724         |    <0.001 |
|     stage24                     |     0.009 |
|       codeBlockIsnt31734        |     0.009 |
|         add26462                |    <0.001 |
|         instD6inst0_27497       |     0.001 |
|         instD8inst0_26723       |     0.001 |
|         m26404                  |     0.001 |
|         m26426                  |     0.001 |
|         m26444                  |     0.001 |
|         m26455                  |    <0.001 |
|         shiftFIFO_31737         |    <0.001 |
|         sub26433                |    <0.001 |
|     stage25                     |     0.003 |
|       add27514                  |    <0.001 |
|       add27529                  |    <0.001 |
|       shiftFIFO_31740           |    <0.001 |
|       sub27544                  |    <0.001 |
|       sub27559                  |    <0.001 |
|     stage26                     |     0.012 |
|       instPerm31741             |     0.012 |
|         memSys                  |     0.011 |
|           memMod0               |     0.006 |
|           memMod1               |     0.006 |
|         nextReg_31746           |    <0.001 |
|         shiftFIFO_31749         |    <0.001 |
|     stage27                     |     0.010 |
|       codeBlockIsnt31759        |     0.009 |
|         add27742                |    <0.001 |
|         instD2inst0_29801       |     0.002 |
|         instD4inst0_28773       |     0.001 |
|         m27684                  |     0.001 |
|         m27706                  |     0.001 |
|         m27724                  |     0.001 |
|         m27735                  |    <0.001 |
|         shiftFIFO_31762         |    <0.001 |
|         sub27713                |    <0.001 |
|     stage28                     |     0.003 |
|       add29818                  |    <0.001 |
|       add29833                  |    <0.001 |
|       shiftFIFO_31765           |    <0.001 |
|       sub29848                  |    <0.001 |
|       sub29863                  |    <0.001 |
|     stage29                     |     0.016 |
|       instPerm31766             |     0.016 |
|         memSys                  |     0.015 |
|           memMod0               |     0.008 |
|           memMod1               |     0.008 |
|         nextReg_31771           |    <0.001 |
|         shiftFIFO_31774         |    <0.001 |
|     stage3                      |     0.006 |
|       codeBlockIsnt31575        |     0.006 |
|         add23647                |    <0.001 |
|         instD34inst0_23662      |    <0.001 |
|         instD36inst0_23654      |    <0.001 |
|         m23589                  |    <0.001 |
|         m23611                  |     0.001 |
|         m23629                  |     0.001 |
|         m23640                  |    <0.001 |
|         shiftFIFO_31578         |    <0.001 |
|         sub23618                |    <0.001 |
|     stage4                      |     0.003 |
|       add23683                  |    <0.001 |
|       add23698                  |    <0.001 |
|       shiftFIFO_31581           |    <0.001 |
|       sub23713                  |    <0.001 |
|       sub23728                  |    <0.001 |
|     stage5                      |     0.008 |
|       instPerm31582             |     0.008 |
|         in_sw_0_0               |    <0.001 |
|         memSys                  |     0.007 |
|           memMod0               |     0.003 |
|           memMod1               |     0.003 |
|         out_sw_0_0              |    <0.001 |
|         shiftFIFO_31588         |    <0.001 |
|     stage6                      |     0.009 |
|       codeBlockIsnt31592        |     0.009 |
|         add23912                |    <0.001 |
|         instD30inst0_23933      |     0.002 |
|         instD32inst0_23921      |     0.001 |
|         m23854                  |     0.001 |
|         m23876                  |     0.001 |
|         m23894                  |     0.001 |
|         m23905                  |    <0.001 |
|         shiftFIFO_31595         |    <0.001 |
|         sub23883                |    <0.001 |
|     stage7                      |     0.003 |
|       add23956                  |    <0.001 |
|       add23971                  |    <0.001 |
|       shiftFIFO_31598           |    <0.001 |
|       sub23986                  |    <0.001 |
|       sub24001                  |    <0.001 |
|     stage8                      |     0.008 |
|       instPerm31599             |     0.008 |
|         in_sw_0_0               |    <0.001 |
|         memSys                  |     0.007 |
|           memMod0               |     0.003 |
|           memMod1               |     0.003 |
|         out_sw_0_0              |    <0.001 |
|         shiftFIFO_31605         |    <0.001 |
|     stage9                      |     0.009 |
|       codeBlockIsnt31609        |     0.009 |
|         add24185                |    <0.001 |
|         instD26inst0_24218      |     0.001 |
|         instD28inst0_24198      |     0.001 |
|         m24127                  |     0.001 |
|         m24149                  |     0.001 |
|         m24167                  |     0.001 |
|         m24178                  |    <0.001 |
|         shiftFIFO_31612         |    <0.001 |
|         sub24156                |    <0.001 |
|   fast_clk                      |    <0.001 |
|   fft_vis_brdg                  |     0.013 |
|     buffer_reg_r1_0_63_0_2      |    <0.001 |
|     buffer_reg_r1_0_63_3_5      |    <0.001 |
|     buffer_reg_r1_0_63_6_8      |    <0.001 |
|     buffer_reg_r1_0_63_9_11     |    <0.001 |
|     buffer_reg_r1_128_191_0_2   |    <0.001 |
|     buffer_reg_r1_128_191_3_5   |    <0.001 |
|     buffer_reg_r1_128_191_6_8   |    <0.001 |
|     buffer_reg_r1_128_191_9_11  |    <0.001 |
|     buffer_reg_r1_192_255_0_2   |    <0.001 |
|     buffer_reg_r1_192_255_3_5   |    <0.001 |
|     buffer_reg_r1_192_255_6_8   |    <0.001 |
|     buffer_reg_r1_192_255_9_11  |    <0.001 |
|     buffer_reg_r1_256_319_0_2   |    <0.001 |
|     buffer_reg_r1_256_319_3_5   |    <0.001 |
|     buffer_reg_r1_256_319_6_8   |    <0.001 |
|     buffer_reg_r1_256_319_9_11  |    <0.001 |
|     buffer_reg_r1_320_383_0_2   |    <0.001 |
|     buffer_reg_r1_320_383_3_5   |    <0.001 |
|     buffer_reg_r1_320_383_6_8   |    <0.001 |
|     buffer_reg_r1_320_383_9_11  |    <0.001 |
|     buffer_reg_r1_384_447_0_2   |    <0.001 |
|     buffer_reg_r1_384_447_3_5   |    <0.001 |
|     buffer_reg_r1_384_447_6_8   |    <0.001 |
|     buffer_reg_r1_384_447_9_11  |    <0.001 |
|     buffer_reg_r1_448_511_0_2   |    <0.001 |
|     buffer_reg_r1_448_511_3_5   |    <0.001 |
|     buffer_reg_r1_448_511_6_8   |    <0.001 |
|     buffer_reg_r1_448_511_9_11  |    <0.001 |
|     buffer_reg_r1_512_575_0_2   |    <0.001 |
|     buffer_reg_r1_512_575_3_5   |    <0.001 |
|     buffer_reg_r1_512_575_6_8   |    <0.001 |
|     buffer_reg_r1_512_575_9_11  |    <0.001 |
|     buffer_reg_r1_576_639_0_2   |    <0.001 |
|     buffer_reg_r1_576_639_3_5   |    <0.001 |
|     buffer_reg_r1_576_639_6_8   |    <0.001 |
|     buffer_reg_r1_576_639_9_11  |    <0.001 |
|     buffer_reg_r1_640_703_0_2   |    <0.001 |
|     buffer_reg_r1_640_703_3_5   |    <0.001 |
|     buffer_reg_r1_640_703_6_8   |    <0.001 |
|     buffer_reg_r1_640_703_9_11  |    <0.001 |
|     buffer_reg_r1_64_127_0_2    |    <0.001 |
|     buffer_reg_r1_64_127_3_5    |    <0.001 |
|     buffer_reg_r1_64_127_6_8    |    <0.001 |
|     buffer_reg_r1_64_127_9_11   |    <0.001 |
|     buffer_reg_r1_704_767_0_2   |    <0.001 |
|     buffer_reg_r1_704_767_3_5   |    <0.001 |
|     buffer_reg_r1_704_767_6_8   |    <0.001 |
|     buffer_reg_r1_704_767_9_11  |    <0.001 |
|     buffer_reg_r1_768_831_0_2   |    <0.001 |
|     buffer_reg_r1_768_831_3_5   |    <0.001 |
|     buffer_reg_r1_768_831_6_8   |    <0.001 |
|     buffer_reg_r1_768_831_9_11  |    <0.001 |
|     buffer_reg_r1_832_895_0_2   |    <0.001 |
|     buffer_reg_r1_832_895_3_5   |    <0.001 |
|     buffer_reg_r1_832_895_6_8   |    <0.001 |
|     buffer_reg_r1_832_895_9_11  |    <0.001 |
|     buffer_reg_r1_896_959_0_2   |    <0.001 |
|     buffer_reg_r1_896_959_3_5   |    <0.001 |
|     buffer_reg_r1_896_959_6_8   |    <0.001 |
|     buffer_reg_r1_896_959_9_11  |    <0.001 |
|     buffer_reg_r1_960_1023_0_2  |    <0.001 |
|     buffer_reg_r1_960_1023_3_5  |    <0.001 |
|     buffer_reg_r1_960_1023_6_8  |    <0.001 |
|     buffer_reg_r1_960_1023_9_11 |    <0.001 |
|     buffer_reg_r2_0_63_0_2      |    <0.001 |
|     buffer_reg_r2_0_63_3_5      |    <0.001 |
|     buffer_reg_r2_0_63_6_8      |    <0.001 |
|     buffer_reg_r2_0_63_9_11     |    <0.001 |
|     buffer_reg_r2_128_191_0_2   |    <0.001 |
|     buffer_reg_r2_128_191_3_5   |    <0.001 |
|     buffer_reg_r2_128_191_6_8   |    <0.001 |
|     buffer_reg_r2_128_191_9_11  |    <0.001 |
|     buffer_reg_r2_192_255_0_2   |    <0.001 |
|     buffer_reg_r2_192_255_3_5   |    <0.001 |
|     buffer_reg_r2_192_255_6_8   |    <0.001 |
|     buffer_reg_r2_192_255_9_11  |    <0.001 |
|     buffer_reg_r2_256_319_0_2   |    <0.001 |
|     buffer_reg_r2_256_319_3_5   |    <0.001 |
|     buffer_reg_r2_256_319_6_8   |    <0.001 |
|     buffer_reg_r2_256_319_9_11  |    <0.001 |
|     buffer_reg_r2_320_383_0_2   |    <0.001 |
|     buffer_reg_r2_320_383_3_5   |    <0.001 |
|     buffer_reg_r2_320_383_6_8   |    <0.001 |
|     buffer_reg_r2_320_383_9_11  |    <0.001 |
|     buffer_reg_r2_384_447_0_2   |    <0.001 |
|     buffer_reg_r2_384_447_3_5   |    <0.001 |
|     buffer_reg_r2_384_447_6_8   |    <0.001 |
|     buffer_reg_r2_384_447_9_11  |    <0.001 |
|     buffer_reg_r2_448_511_0_2   |    <0.001 |
|     buffer_reg_r2_448_511_3_5   |    <0.001 |
|     buffer_reg_r2_448_511_6_8   |    <0.001 |
|     buffer_reg_r2_448_511_9_11  |    <0.001 |
|     buffer_reg_r2_512_575_0_2   |    <0.001 |
|     buffer_reg_r2_512_575_3_5   |    <0.001 |
|     buffer_reg_r2_512_575_6_8   |    <0.001 |
|     buffer_reg_r2_512_575_9_11  |    <0.001 |
|     buffer_reg_r2_576_639_0_2   |    <0.001 |
|     buffer_reg_r2_576_639_3_5   |    <0.001 |
|     buffer_reg_r2_576_639_6_8   |    <0.001 |
|     buffer_reg_r2_576_639_9_11  |    <0.001 |
|     buffer_reg_r2_640_703_0_2   |    <0.001 |
|     buffer_reg_r2_640_703_3_5   |    <0.001 |
|     buffer_reg_r2_640_703_6_8   |    <0.001 |
|     buffer_reg_r2_640_703_9_11  |    <0.001 |
|     buffer_reg_r2_64_127_0_2    |    <0.001 |
|     buffer_reg_r2_64_127_3_5    |    <0.001 |
|     buffer_reg_r2_64_127_6_8    |    <0.001 |
|     buffer_reg_r2_64_127_9_11   |    <0.001 |
|     buffer_reg_r2_704_767_0_2   |    <0.001 |
|     buffer_reg_r2_704_767_3_5   |    <0.001 |
|     buffer_reg_r2_704_767_6_8   |    <0.001 |
|     buffer_reg_r2_704_767_9_11  |    <0.001 |
|     buffer_reg_r2_768_831_0_2   |    <0.001 |
|     buffer_reg_r2_768_831_3_5   |    <0.001 |
|     buffer_reg_r2_768_831_6_8   |    <0.001 |
|     buffer_reg_r2_768_831_9_11  |    <0.001 |
|     buffer_reg_r2_832_895_0_2   |    <0.001 |
|     buffer_reg_r2_832_895_3_5   |    <0.001 |
|     buffer_reg_r2_832_895_6_8   |    <0.001 |
|     buffer_reg_r2_832_895_9_11  |    <0.001 |
|     buffer_reg_r2_896_959_0_2   |    <0.001 |
|     buffer_reg_r2_896_959_3_5   |    <0.001 |
|     buffer_reg_r2_896_959_6_8   |    <0.001 |
|     buffer_reg_r2_896_959_9_11  |    <0.001 |
|     buffer_reg_r2_960_1023_0_2  |    <0.001 |
|     buffer_reg_r2_960_1023_3_5  |    <0.001 |
|     buffer_reg_r2_960_1023_6_8  |    <0.001 |
|     buffer_reg_r2_960_1023_9_11 |    <0.001 |
|   fir_brdg                      |     0.001 |
|   high_pass_filter              |     0.004 |
|   lpf_filter                    |     0.004 |
|   mic_driver                    |    <0.001 |
|     onemeg                      |    <0.001 |
|   mirroring_unit                |     0.017 |
|   norm_clk                      |    <0.001 |
|   oled_unit                     |     0.004 |
|   proc                          |     0.008 |
|     ram_even_reg_0_63_0_2       |    <0.001 |
|     ram_even_reg_0_63_3_5       |    <0.001 |
|     ram_even_reg_0_63_6_8       |    <0.001 |
|     ram_even_reg_0_63_9_11      |    <0.001 |
|     ram_even_reg_128_191_0_2    |    <0.001 |
|     ram_even_reg_128_191_3_5    |    <0.001 |
|     ram_even_reg_128_191_6_8    |    <0.001 |
|     ram_even_reg_128_191_9_11   |    <0.001 |
|     ram_even_reg_192_255_0_2    |    <0.001 |
|     ram_even_reg_192_255_3_5    |    <0.001 |
|     ram_even_reg_192_255_6_8    |    <0.001 |
|     ram_even_reg_192_255_9_11   |    <0.001 |
|     ram_even_reg_64_127_0_2     |    <0.001 |
|     ram_even_reg_64_127_3_5     |    <0.001 |
|     ram_even_reg_64_127_6_8     |    <0.001 |
|     ram_even_reg_64_127_9_11    |    <0.001 |
|     ram_odd_reg_0_63_0_2        |    <0.001 |
|     ram_odd_reg_0_63_3_5        |    <0.001 |
|     ram_odd_reg_0_63_6_8        |    <0.001 |
|     ram_odd_reg_0_63_9_11       |    <0.001 |
|     ram_odd_reg_128_191_0_2     |    <0.001 |
|     ram_odd_reg_128_191_3_5     |    <0.001 |
|     ram_odd_reg_128_191_6_8     |    <0.001 |
|     ram_odd_reg_128_191_9_11    |    <0.001 |
|     ram_odd_reg_192_255_0_2     |    <0.001 |
|     ram_odd_reg_192_255_3_5     |    <0.001 |
|     ram_odd_reg_192_255_6_8     |    <0.001 |
|     ram_odd_reg_192_255_9_11    |    <0.001 |
|     ram_odd_reg_64_127_0_2      |    <0.001 |
|     ram_odd_reg_64_127_3_5      |    <0.001 |
|     ram_odd_reg_64_127_6_8      |    <0.001 |
|     ram_odd_reg_64_127_9_11     |    <0.001 |
|   ring_buffer                   |    <0.001 |
|   scroller                      |    <0.001 |
|   seg_display                   |    <0.001 |
|   slow_clk                      |    <0.001 |
|   speaker_driver                |    <0.001 |
|   vga_unit                      |    <0.001 |
|   wave_buf                      |    <0.001 |
|     wave_memory_reg_0_63_6_8    |    <0.001 |
|     wave_memory_reg_0_63_9_11   |    <0.001 |
|     wave_memory_reg_64_127_6_8  |    <0.001 |
|     wave_memory_reg_64_127_9_11 |    <0.001 |
+---------------------------------+-----------+


